------------------------------------------------------------
Timing Analyzer Summary
------------------------------------------------------------

Type  : Slow 1100mV 85C Model Setup 'clk'
Slack : -2.816
TNS   : -73.984

Type  : Slow 1100mV 85C Model Hold 'clk'
Slack : 0.427
TNS   : 0.000

Type  : Slow 1100mV 85C Model Minimum Pulse Width 'clk'
Slack : -0.538
TNS   : -24.173

Type  : Slow 1100mV 0C Model Setup 'clk'
Slack : -2.818
TNS   : -74.650

Type  : Slow 1100mV 0C Model Hold 'clk'
Slack : 0.438
TNS   : 0.000

Type  : Slow 1100mV 0C Model Minimum Pulse Width 'clk'
Slack : -0.538
TNS   : -24.262

Type  : Fast 1100mV 85C Model Setup 'clk'
Slack : -1.031
TNS   : -24.159

Type  : Fast 1100mV 85C Model Hold 'clk'
Slack : 0.198
TNS   : 0.000

Type  : Fast 1100mV 85C Model Minimum Pulse Width 'clk'
Slack : -0.098
TNS   : -3.021

Type  : Fast 1100mV 0C Model Setup 'clk'
Slack : -0.820
TNS   : -18.954

Type  : Fast 1100mV 0C Model Hold 'clk'
Slack : 0.187
TNS   : 0.000

Type  : Fast 1100mV 0C Model Minimum Pulse Width 'clk'
Slack : -0.099
TNS   : -3.023

------------------------------------------------------------
